// Jest Snapshot v1, https://goo.gl/fbAQLP

exports[`renders correctly 1`] = `
<h5
  className="sc-AxhUy iTChLH"
>
  Header
</h5>
`;
