// Jest Snapshot v1, https://goo.gl/fbAQLP

exports[`renders correctly 1`] = `
<div
  className="sc-AxjAm lmzCKR"
  cols="95% 5% auto"
  rows="10% 80% auto"
/>
`;
