// Jest Snapshot v1, https://goo.gl/fbAQLP

exports[`renders correctly 1`] = `
<div
  className="sc-AxheI eLlhWc"
>
  <button
    className="sc-AxmLO ctbvAW"
    onClick={[Function]}
  >
    ðŸ’¡
  </button>
  <li
    className="sc-AxgMl WXvjg"
  >
    <h1
      className="sc-AxjAm gijxXQ"
    >
      HNC
    </h1>
  </li>
  <li
    className="sc-AxgMl WXvjg"
    data-testid="NAV_LINK_TOP"
  >
    <a
      className="sc-Axmtr jzWgds"
      href="/"
      onClick={[Function]}
    >
      <h5
        className="sc-AxhUy iTChLH"
      >
        top
      </h5>
    </a>
  </li>
  <li
    className="sc-AxgMl WXvjg"
    data-testid="NAV_LINK_BEST"
  >
    <a
      className="sc-Axmtr jzWgds"
      href="/best"
      onClick={[Function]}
    >
      <h5
        className="sc-AxhUy iTChLH"
      >
        best
      </h5>
    </a>
  </li>
  <li
    className="sc-AxgMl WXvjg"
    data-testid="NAV_LINK_NEW"
  >
    <a
      className="sc-Axmtr jzWgds"
      href="/new"
      onClick={[Function]}
    >
      <h5
        className="sc-AxhUy iTChLH"
      >
        new
      </h5>
    </a>
  </li>
</div>
`;
