// Jest Snapshot v1, https://goo.gl/fbAQLP

exports[`renders correctly with all props 1`] = `
Array [
  <h5
    className="sc-fzozJi hcnTuc"
  >
    viewing:
  </h5>,
  <h5
    className="sc-fzozJi kDKfcF"
  >
    comments (
    -1
     of 
    0
    ):
  </h5>,
  <div
    style={
      Object {
        "overflow": "auto",
      }
    }
  />,
  <svg
    className="sc-fzqARJ iExvbz"
    fill="currentColor"
    height="1em"
    onClick={[Function]}
    stroke="currentColor"
    strokeWidth="0"
    style={
      Object {
        "color": undefined,
        "display": "none",
        "height": 40,
      }
    }
    viewBox="0 0 512 512"
    width="1em"
    xmlns="http://www.w3.org/2000/svg"
  >
    <path
      d="M8 256C8 119 119 8 256 8s248 111 248 248-111 248-248 248S8 393 8 256zm143.6 28.9l72.4-75.5V392c0 13.3 10.7 24 24 24h16c13.3 0 24-10.7 24-24V209.4l72.4 75.5c9.3 9.7 24.8 9.9 34.3.4l10.9-11c9.4-9.4 9.4-24.6 0-33.9L273 107.7c-9.4-9.4-24.6-9.4-33.9 0L106.3 240.4c-9.4 9.4-9.4 24.6 0 33.9l10.9 11c9.6 9.5 25.1 9.3 34.4-.4z"
    />
  </svg>,
]
`;
